Cyrillic
Greek
Ahom
Anatolian_Hieroglyphs
Avestan
Balinese
Bamum
Bassa_Vah
Batak
Brahmi
Braille
Buginese
Buhid
Carian
Caucasian_Albanian
Chakma
Cham
Cherokee
Common
Coptic
Cuneiform
Cypriot
Deseret
Duployan
Egyptian_Hieroglyphs
Elbasan
Glagolitic
Gothic
Grantha
Hanunoo
Hatran
Imperial_Aramaic
Inherited
Inscriptional_Pahlavi
Inscriptional_Parthian
Javanese
Kaithi
Kayah_Li
Kharoshthi
Khojki
Khudawadi
Lepcha
Limbu
Linear_A
Linear_B
Lisu
Lycian
Lydian
Mahajani
Mandaic
Manichaean
Meetei_Mayek
Mende_Kikakui
Meroitic_Cursive
Meroitic_Hieroglyphs
Modi
Mro
Multani
Nabataean
New_Tai_Lue
Nko
Ogham
Ol_Chiki
Old_Hungarian
Old_Italic
Old_North_Arabian
Old_Permic
Old_Persian
Old_South_Arabian
Old_Turkic
Osmanya
Pahawh_Hmong
Palmyrene
Pau_Cin_Hau
Phags_Pa
Phoenician
Psalter_Pahlavi
Pau_Cin_Hau
Phags_Pa
Phoenician
Psalter_Pahlavi
Rejang
Runic
Samaritan
Saurashtra
Sharada
Shavian
Siddham
SignWriting
Sora_Sompeng
Sundanese
Syloti_Nagri
Syriac
Tagalog
Tagbanwa
Tai_Le
Tai_Tham
Tai_Viet
Takri
Tirhuta
Ugaritic
Vai
Warang_Citi
