cpan/B-C/blib/script/assemble
cpan/B-C/blib/script/cc_harness
cpan/B-C/blib/script/disassemble
cpan/B-C/blib/script/perlcc
cpan/Cpanel-JSON-XS/bin/cpanel_json_xs
cpan/Devel-NYTProf/blib/script/flamegraph.pl
cpan/Devel-NYTProf/blib/script/nytprofcalls
cpan/Devel-NYTProf/blib/script/nytprofcg
cpan/Devel-NYTProf/blib/script/nytprofcsv
cpan/Devel-NYTProf/blib/script/nytprofhtml
cpan/Devel-NYTProf/blib/script/nytprofmerge
cpan/Devel-NYTProf/blib/script/nytprofpf
cpan/podlators/blib/script/pod2man
cpan/podlators/blib/script/pod2text
cpan/Pod-Usage/blib/script/pod2usage
cpan/Pod-Checker/blib/script/podchecker
cpan/Pod-Parser/blib/script/podselect
utils/c2ph      # link = utils/pstruct
utils/cpan
utils/corelist
utils/enc2xs
utils/encguess
utils/h2ph
utils/h2xs
utils/instmodsh
utils/json_pp
utils/libnetcfg
utils/cperlbug
utils/cperldoc	# link = utils/perldoc
utils/cperlivp	# link = utils/perlivp
utils/piconv
utils/pl2pm
utils/pod2html
utils/prove
utils/ptar
utils/ptardiff
utils/ptargrep
utils/shasum
utils/splain
utils/xsubpp
utils/zipdetails
